// Vitest Snapshot v1, https://vitest.dev/guide/snapshot.html

exports[`native command permissions > pins every non-main window grant 1`] = `
[
  {
    "identifier": "application-events",
    "permissions": [
      "core:event:allow-listen",
      "core:event:allow-unlisten",
    ],
    "webviews": [],
    "windows": [
      "status",
    ],
  },
  {
    "identifier": "desktop-viewer",
    "permissions": [
      "allow-desktop-action",
      "allow-desktop-viewer-attach",
      "allow-desktop-viewer-clipboard",
      "allow-desktop-viewer-detach",
      "allow-read-desktop-state",
      "core:event:allow-listen",
      "core:event:allow-unlisten",
      "core:menu:allow-new",
      "core:menu:allow-popup",
      "core:resources:allow-close",
      "core:window:allow-inner-size",
      "core:window:allow-is-fullscreen",
      "core:window:allow-scale-factor",
      "core:window:allow-set-fullscreen",
    ],
    "webviews": [
      "desktop-shell-*",
    ],
    "windows": [],
  },
  {
    "identifier": "status",
    "permissions": [
      "allow-computer-action",
      "allow-connections-status",
      "allow-device-list",
      "allow-device-snapshot",
      "allow-dismiss-repository-push",
      "allow-hide-status",
      "allow-list-applications",
      "allow-list-computer-directory",
      "allow-open-main",
      "allow-open-network-port",
      "allow-quit-app",
      "allow-read-application-shell",
      "allow-read-application-state",
      "allow-read-backup-state",
      "allow-read-computer-configuration",
      "allow-read-network-state",
      "allow-read-settings",
      "allow-read-shutdown-state",
      "allow-remote-computer-action",
      "allow-remote-network-state",
      "allow-remote-open-network-port",
      "allow-repository-push-status",
      "allow-resize-status",
      "allow-start-repository-push",
      "allow-update-tray",
      "core:menu:allow-new",
      "core:menu:allow-popup",
      "core:resources:allow-close",
    ],
    "webviews": [],
    "windows": [
      "status",
    ],
  },
]
`;
